  Geri y├╝klenecek projeler belirleniyor...
  Yap─▒lacak i┼şlem yok. Belirtilen projelerden hi├ğbiri geri y├╝klenecek paketleri i├ğermiyor.
C:\Program Files\dotnet\sdk\9.0.304\Microsoft.Common.CurrentVersion.targets(3455,5): error MSB4216: MSBuild "NET" ├ğal─▒┼şma zaman─▒ ve "x86" mimarisi ile bir g├Ârev olu┼şturmad─▒─ş─▒ndan veya g├Ârev kona─ş─▒na ba─şlanamad─▒─ş─▒ndan "GenerateResource" g├Ârevi ├ğal─▒┼şt─▒r─▒lamad─▒.  L├╝tfen (1) istenen ├ğal─▒┼şma zaman─▒ ve/veya mimarinin makinede kullan─▒labildi─şinden ve (2) gerekli y├╝r├╝t├╝lebilir "C:\Program Files\dotnet\sdk\9.0.304\MSBuild.dll" ├Â─şesinin mevcut ve ├ğal─▒┼şt─▒r─▒labilir oldu─şundan emin olun. [c:\Users\mehme\source\repos\WindowsFormsApp1\WindowsFormsApp1\WindowsFormsApp1.csproj]
C:\Program Files\dotnet\sdk\9.0.304\Microsoft.Common.CurrentVersion.targets(3479,7): error MSB4028: "GenerateResource" g├Ârevinin ├ğ─▒k─▒┼şlar─▒ "FilesWritten" parametresinden al─▒namad─▒. Object type Microsoft.Build.Tasks.GenerateResource does not match target type Microsoft.Build.BackEnd.TaskHostTask. [c:\Users\mehme\source\repos\WindowsFormsApp1\WindowsFormsApp1\WindowsFormsApp1.csproj]

Olu┼şturma BA┼ŞARISIZ OLDU.

C:\Program Files\dotnet\sdk\9.0.304\Microsoft.Common.CurrentVersion.targets(3455,5): error MSB4216: MSBuild "NET" ├ğal─▒┼şma zaman─▒ ve "x86" mimarisi ile bir g├Ârev olu┼şturmad─▒─ş─▒ndan veya g├Ârev kona─ş─▒na ba─şlanamad─▒─ş─▒ndan "GenerateResource" g├Ârevi ├ğal─▒┼şt─▒r─▒lamad─▒.  L├╝tfen (1) istenen ├ğal─▒┼şma zaman─▒ ve/veya mimarinin makinede kullan─▒labildi─şinden ve (2) gerekli y├╝r├╝t├╝lebilir "C:\Program Files\dotnet\sdk\9.0.304\MSBuild.dll" ├Â─şesinin mevcut ve ├ğal─▒┼şt─▒r─▒labilir oldu─şundan emin olun. [c:\Users\mehme\source\repos\WindowsFormsApp1\WindowsFormsApp1\WindowsFormsApp1.csproj]
C:\Program Files\dotnet\sdk\9.0.304\Microsoft.Common.CurrentVersion.targets(3479,7): error MSB4028: "GenerateResource" g├Ârevinin ├ğ─▒k─▒┼şlar─▒ "FilesWritten" parametresinden al─▒namad─▒. Object type Microsoft.Build.Tasks.GenerateResource does not match target type Microsoft.Build.BackEnd.TaskHostTask. [c:\Users\mehme\source\repos\WindowsFormsApp1\WindowsFormsApp1\WindowsFormsApp1.csproj]
    0 Uyar─▒
    2 Hata

Ge├ğen S├╝re 00:00:02.58

─░┼ş y├╝k├╝ g├╝ncelle┼ştirmeleri var. Daha fazla bilgi i├ğin `dotnet workload list` ├ğal─▒┼şt─▒r─▒n.
